// Jest Snapshot v1, https://goo.gl/fbAQLP

exports[`renders without crashing 1`] = `
ShallowWrapper {
  "length": 1,
  Symbol(enzyme.__root__): [Circular],
  Symbol(enzyme.__unrendered__): <Card
    alt="robot1"
    flippedCard={Array []}
    id="robot1-1"
    matchingCards={Array []}
    onCardClick={[Function]}
    openedCard={Array []}
/>,
  Symbol(enzyme.__renderer__): Object {
    "batchedUpdates": [Function],
    "getNode": [Function],
    "render": [Function],
    "simulateEvent": [Function],
    "unmount": [Function],
  },
  Symbol(enzyme.__node__): Object {
    "instance": null,
    "key": undefined,
    "nodeType": "host",
    "props": Object {
      "children": <img
        alt="robot1"
        id="robot1-1"
        src="https://robohash.org/robot1?size=100x100"
/>,
      "className": "card tc grow bg-light-green br3 pa2 ma2 dib bw2 shadow-5 closed",
      "onClick": [Function],
    },
    "ref": null,
    "rendered": Object {
      "instance": null,
      "key": undefined,
      "nodeType": "host",
      "props": Object {
        "alt": "robot1",
        "id": "robot1-1",
        "src": "https://robohash.org/robot1?size=100x100",
      },
      "ref": null,
      "rendered": null,
      "type": "img",
    },
    "type": "li",
  },
  Symbol(enzyme.__nodes__): Array [
    Object {
      "instance": null,
      "key": undefined,
      "nodeType": "host",
      "props": Object {
        "children": <img
          alt="robot1"
          id="robot1-1"
          src="https://robohash.org/robot1?size=100x100"
/>,
        "className": "card tc grow bg-light-green br3 pa2 ma2 dib bw2 shadow-5 closed",
        "onClick": [Function],
      },
      "ref": null,
      "rendered": Object {
        "instance": null,
        "key": undefined,
        "nodeType": "host",
        "props": Object {
          "alt": "robot1",
          "id": "robot1-1",
          "src": "https://robohash.org/robot1?size=100x100",
        },
        "ref": null,
        "rendered": null,
        "type": "img",
      },
      "type": "li",
    },
  ],
  Symbol(enzyme.__options__): Object {
    "adapter": ReactSixteenAdapter {
      "options": Object {
        "enableComponentDidUpdateOnSetState": true,
      },
    },
  },
}
`;
