// Jest Snapshot v1, https://goo.gl/fbAQLP

exports[`renders without crashing 1`] = `
ShallowWrapper {
  "length": 1,
  Symbol(enzyme.__root__): [Circular],
  Symbol(enzyme.__unrendered__): <CardList
    robots={
        Array [
            1,
          ]
    }
/>,
  Symbol(enzyme.__renderer__): Object {
    "batchedUpdates": [Function],
    "getNode": [Function],
    "render": [Function],
    "simulateEvent": [Function],
    "unmount": [Function],
  },
  Symbol(enzyme.__node__): Object {
    "instance": null,
    "key": undefined,
    "nodeType": "host",
    "props": Object {
      "children": Array [
        <li>
          Number of moves: 
          0
</li>,
        Array [
          <Card
            alt="robot1"
            flippedCard={Array []}
            id="robot0-1"
            matchingCards={Array []}
            onCardClick={[Function]}
            openedCard={Array []}
/>,
        ],
      ],
      "className": "card-list",
    },
    "ref": null,
    "rendered": Array [
      Object {
        "instance": null,
        "key": undefined,
        "nodeType": "host",
        "props": Object {
          "children": Array [
            "Number of moves: ",
            0,
          ],
        },
        "ref": null,
        "rendered": Array [
          "Number of moves: ",
          0,
        ],
        "type": "li",
      },
      Object {
        "instance": null,
        "key": "0",
        "nodeType": "function",
        "props": Object {
          "alt": "robot1",
          "flippedCard": Array [],
          "id": "robot0-1",
          "matchingCards": Array [],
          "onCardClick": [Function],
          "openedCard": Array [],
        },
        "ref": null,
        "rendered": null,
        "type": [Function],
      },
    ],
    "type": "ul",
  },
  Symbol(enzyme.__nodes__): Array [
    Object {
      "instance": null,
      "key": undefined,
      "nodeType": "host",
      "props": Object {
        "children": Array [
          <li>
            Number of moves: 
            0
</li>,
          Array [
            <Card
              alt="robot1"
              flippedCard={Array []}
              id="robot0-1"
              matchingCards={Array []}
              onCardClick={[Function]}
              openedCard={Array []}
/>,
          ],
        ],
        "className": "card-list",
      },
      "ref": null,
      "rendered": Array [
        Object {
          "instance": null,
          "key": undefined,
          "nodeType": "host",
          "props": Object {
            "children": Array [
              "Number of moves: ",
              0,
            ],
          },
          "ref": null,
          "rendered": Array [
            "Number of moves: ",
            0,
          ],
          "type": "li",
        },
        Object {
          "instance": null,
          "key": "0",
          "nodeType": "function",
          "props": Object {
            "alt": "robot1",
            "flippedCard": Array [],
            "id": "robot0-1",
            "matchingCards": Array [],
            "onCardClick": [Function],
            "openedCard": Array [],
          },
          "ref": null,
          "rendered": null,
          "type": [Function],
        },
      ],
      "type": "ul",
    },
  ],
  Symbol(enzyme.__options__): Object {
    "adapter": ReactSixteenAdapter {
      "options": Object {
        "enableComponentDidUpdateOnSetState": true,
      },
    },
  },
}
`;
